// Jest Snapshot v1, https://goo.gl/fbAQLP

exports[`<CreateProduct /> should match the snapshot 1`] = `null`;
